          64          72           6          64         256          72           0
          58          56          47          55          48
          59          47          52          48          51
          62          52          49          51          50
          63          49          54          50          53
          50          54          41          53          42
          51          41          46          42          45
          54          46          43          45          44
          55          43          56          44          55
          56          55          48          64          63
          57          48          51          63          62
          60          51          50          62          61
          61          50          53          61          60
          48          53          42          60          59
          49          42          45          59          58
          52          45          44          58          57
          53          44          55          57          64
          42          64          63          40          36
          43          63          62          36          38
          46          62          61          38          37
          47          61          60          37          39
          34          60          59          39          33
          35          59          58          33          35
          38          58          57          35          34
          39          57          64          34          40
          40          40          36          72          71
          41          36          38          71          70
          44          38          37          70          69
          45          37          39          69          68
          32          39          33          68          67
          33          33          35          67          66
          36          35          34          66          65
          37          34          40          65          72
          26          72          71          24          20
          27          71          70          20          22
          30          70          69          22          21
          31          69          68          21          23
          18          68          67          23          17
          19          67          66          17          19
          22          66          65          19          18
          23          65          72          18          24
          24          24          20          32          31
          25          20          22          31          30
          28          22          21          30          29
          29          21          23          29          28
          16          23          17          28          27
          17          17          19          27          26
          20          19          18          26          25
          21          18          24          25          32
          10          32          31          16           8
          11          31          30           8          12
          14          30          29          12          10
          15          29          28          10          15
           2          28          27          15           2
           3          27          26           2           6
           6          26          25           6           4
           7          25          32           4          16
           8          16           8          14           7
           9           8          12           7          11
          12          12          10          11           9
          13          10          15           9          13
           0          15           2          13           1
           1           2           6           1           5
           4           6           4           5           3
           5           4          16           3          14
